../../Middlewares/ST/touchgfx/framework/include/touchgfx/Screen.hpp:104:18:virtual void touchgfx::Screen::afterTransition()	0	static
../../Middlewares/ST/touchgfx/framework/include/touchgfx/Screen.hpp:144:18:virtual void touchgfx::Screen::handleTickEvent()	0	static
../../Middlewares/ST/touchgfx/framework/include/touchgfx/Screen.hpp:154:18:virtual void touchgfx::Screen::handleKeyEvent(uint8_t)	0	static
I:/Project_Smarthome/TOUCHGFX_PROJECT_STM32F746/SmartHome_V2/TouchGFX/gui/src/clockset_screen/ClockSetView.cpp:13:6:virtual void ClockSetView::tearDownScreen()	0	static
../../TouchGFX/gui/include/gui/clockset_screen/ClockSetView.hpp:11:13:ClockSetView::~ClockSetView()	8	static
../../TouchGFX/gui/include/gui/clockset_screen/ClockSetView.hpp:11:13:virtual ClockSetView::~ClockSetView()	8	static
I:/Project_Smarthome/TOUCHGFX_PROJECT_STM32F746/SmartHome_V2/TouchGFX/gui/src/clockset_screen/ClockSetView.cpp:3:1:ClockSetView::ClockSetView()	8	static
I:/Project_Smarthome/TOUCHGFX_PROJECT_STM32F746/SmartHome_V2/TouchGFX/gui/src/clockset_screen/ClockSetView.cpp:8:6:virtual void ClockSetView::setupScreen()	0	static
