../../TouchGFX/gui/include/gui/model/ModelListener.hpp:17:18:virtual void ModelListener::userButtonPressed()	0	static
../../TouchGFX/gui/include/gui/clockset_screen/ClockSetPresenter.hpp:28:13:ClockSetPresenter::~ClockSetPresenter()	0	static
I:/Project_Smarthome/TOUCHGFX_PROJECT_STM32F746/SmartHome_V2/TouchGFX/gui/src/clockset_screen/ClockSetPresenter.cpp:10:6:virtual void ClockSetPresenter::activate()	0	static
../../TouchGFX/gui/include/gui/clockset_screen/ClockSetPresenter.hpp:28:13:virtual ClockSetPresenter::~ClockSetPresenter()	8	static
../../TouchGFX/gui/include/gui/clockset_screen/ClockSetPresenter.hpp:28:13:virtual void* ClockSetPresenter::_ZThn4_N17ClockSetPresenterD1Ev()	0	static
I:/Project_Smarthome/TOUCHGFX_PROJECT_STM32F746/SmartHome_V2/TouchGFX/gui/src/clockset_screen/ClockSetPresenter.cpp:4:1:ClockSetPresenter::ClockSetPresenter(ClockSetView&)	8	static
