../../Middlewares/ST/touchgfx/framework/include/touchgfx/Screen.hpp:104:18:virtual void touchgfx::Screen::afterTransition()	0	static
../../Middlewares/ST/touchgfx/framework/include/touchgfx/Screen.hpp:144:18:virtual void touchgfx::Screen::handleTickEvent()	0	static
../../Middlewares/ST/touchgfx/framework/include/touchgfx/Screen.hpp:154:18:virtual void touchgfx::Screen::handleKeyEvent(uint8_t)	0	static
../../TouchGFX/generated/gui_generated/include/gui_generated/fanspeed_screen/FanSpeedViewBase.hpp:26:18:virtual void FanSpeedViewBase::sliderMoved(int)	0	static
F:/Project_Smarthome/TOUCHGFX_PROJECT_STM32F746/SmartHome_V2/TouchGFX/gui/src/fanspeed_screen/FanSpeedView.cpp:13:6:virtual void FanSpeedView::tearDownScreen()	0	static
../../TouchGFX/gui/include/gui/fanspeed_screen/FanSpeedView.hpp:11:13:FanSpeedView::~FanSpeedView()	8	static
../../TouchGFX/gui/include/gui/fanspeed_screen/FanSpeedView.hpp:11:13:virtual FanSpeedView::~FanSpeedView()	8	static
F:/Project_Smarthome/TOUCHGFX_PROJECT_STM32F746/SmartHome_V2/TouchGFX/gui/src/fanspeed_screen/FanSpeedView.cpp:3:1:FanSpeedView::FanSpeedView()	8	static
F:/Project_Smarthome/TOUCHGFX_PROJECT_STM32F746/SmartHome_V2/TouchGFX/gui/src/fanspeed_screen/FanSpeedView.cpp:8:6:virtual void FanSpeedView::setupScreen()	0	static
