../../TouchGFX/gui/include/gui/model/ModelListener.hpp:18:18:virtual void ModelListener::userButtonPressed()	0	static
../../TouchGFX/gui/include/gui/fanspeed_screen/FanSpeedPresenter.hpp:28:13:FanSpeedPresenter::~FanSpeedPresenter()	0	static
F:/Project_Smarthome/TOUCHGFX_PROJECT_STM32F746/SmartHome_V2/TouchGFX/gui/src/fanspeed_screen/FanSpeedPresenter.cpp:10:6:virtual void FanSpeedPresenter::activate()	0	static
../../TouchGFX/gui/include/gui/fanspeed_screen/FanSpeedPresenter.hpp:28:13:virtual FanSpeedPresenter::~FanSpeedPresenter()	8	static
../../TouchGFX/gui/include/gui/fanspeed_screen/FanSpeedPresenter.hpp:28:13:virtual void* FanSpeedPresenter::_ZThn4_N17FanSpeedPresenterD1Ev()	0	static
F:/Project_Smarthome/TOUCHGFX_PROJECT_STM32F746/SmartHome_V2/TouchGFX/gui/src/fanspeed_screen/FanSpeedPresenter.cpp:4:1:FanSpeedPresenter::FanSpeedPresenter(FanSpeedView&)	8	static
