../../TouchGFX/gui/include/gui/model/ModelListener.hpp:18:18:virtual void ModelListener::userButtonPressed()	0	static
../../TouchGFX/gui/include/gui/main_screen/MainPresenter.hpp:28:13:MainPresenter::~MainPresenter()	0	static
F:/Project_Smarthome/TOUCHGFX_PROJECT_STM32F746/SmartHome_V2/TouchGFX/gui/src/main_screen/MainPresenter.cpp:10:6:virtual void MainPresenter::activate()	0	static
../../TouchGFX/gui/include/gui/main_screen/MainPresenter.hpp:28:13:virtual MainPresenter::~MainPresenter()	8	static
../../TouchGFX/gui/include/gui/main_screen/MainPresenter.hpp:28:13:virtual void* MainPresenter::_ZThn4_N13MainPresenterD1Ev()	0	static
F:/Project_Smarthome/TOUCHGFX_PROJECT_STM32F746/SmartHome_V2/TouchGFX/gui/src/main_screen/MainPresenter.cpp:4:1:MainPresenter::MainPresenter(MainView&)	8	static
