../../TouchGFX/gui/include/gui/model/ModelListener.hpp:18:18:virtual void ModelListener::userButtonPressed()	0	static
../../TouchGFX/gui/include/gui/temperature_screen/TemperaturePresenter.hpp:28:13:TemperaturePresenter::~TemperaturePresenter()	0	static
F:/Project_Smarthome/TOUCHGFX_PROJECT_STM32F746/SmartHome_V2/TouchGFX/gui/src/temperature_screen/TemperaturePresenter.cpp:10:6:virtual void TemperaturePresenter::activate()	0	static
../../TouchGFX/gui/include/gui/temperature_screen/TemperaturePresenter.hpp:28:13:virtual TemperaturePresenter::~TemperaturePresenter()	8	static
../../TouchGFX/gui/include/gui/temperature_screen/TemperaturePresenter.hpp:28:13:virtual void* TemperaturePresenter::_ZThn4_N20TemperaturePresenterD1Ev()	0	static
F:/Project_Smarthome/TOUCHGFX_PROJECT_STM32F746/SmartHome_V2/TouchGFX/gui/src/temperature_screen/TemperaturePresenter.cpp:4:1:TemperaturePresenter::TemperaturePresenter(TemperatureView&)	8	static
