../../Middlewares/ST/touchgfx/framework/include/touchgfx/Screen.hpp:104:18:virtual void touchgfx::Screen::afterTransition()	0	static
../../Middlewares/ST/touchgfx/framework/include/touchgfx/Screen.hpp:144:18:virtual void touchgfx::Screen::handleTickEvent()	0	static
../../Middlewares/ST/touchgfx/framework/include/touchgfx/Screen.hpp:154:18:virtual void touchgfx::Screen::handleKeyEvent(uint8_t)	0	static
F:/Project_Smarthome/TOUCHGFX_PROJECT_STM32F746/SmartHome_V2/TouchGFX/gui/src/temperature_screen/TemperatureView.cpp:13:6:virtual void TemperatureView::tearDownScreen()	0	static
../../TouchGFX/gui/include/gui/temperature_screen/TemperatureView.hpp:11:13:TemperatureView::~TemperatureView()	8	static
../../TouchGFX/gui/include/gui/temperature_screen/TemperatureView.hpp:11:13:virtual TemperatureView::~TemperatureView()	8	static
F:/Project_Smarthome/TOUCHGFX_PROJECT_STM32F746/SmartHome_V2/TouchGFX/gui/src/temperature_screen/TemperatureView.cpp:3:1:TemperatureView::TemperatureView()	8	static
F:/Project_Smarthome/TOUCHGFX_PROJECT_STM32F746/SmartHome_V2/TouchGFX/gui/src/temperature_screen/TemperatureView.cpp:8:6:virtual void TemperatureView::setupScreen()	0	static
