../../TouchGFX/gui/include/gui/model/ModelListener.hpp:18:18:virtual void ModelListener::userButtonPressed()	0	static
../../TouchGFX/gui/include/gui/video_screen/VideoPresenter.hpp:28:13:VideoPresenter::~VideoPresenter()	0	static
F:/Project_Smarthome/TOUCHGFX_PROJECT_STM32F746/SmartHome_V2/TouchGFX/gui/src/video_screen/VideoPresenter.cpp:10:6:virtual void VideoPresenter::activate()	0	static
../../TouchGFX/gui/include/gui/video_screen/VideoPresenter.hpp:28:13:virtual VideoPresenter::~VideoPresenter()	8	static
../../TouchGFX/gui/include/gui/video_screen/VideoPresenter.hpp:28:13:virtual void* VideoPresenter::_ZThn4_N14VideoPresenterD1Ev()	0	static
F:/Project_Smarthome/TOUCHGFX_PROJECT_STM32F746/SmartHome_V2/TouchGFX/gui/src/video_screen/VideoPresenter.cpp:4:1:VideoPresenter::VideoPresenter(VideoView&)	8	static
