../../Middlewares/ST/touchgfx/framework/include/touchgfx/Screen.hpp:104:18:virtual void touchgfx::Screen::afterTransition()	0	static
../../Middlewares/ST/touchgfx/framework/include/touchgfx/Screen.hpp:144:18:virtual void touchgfx::Screen::handleTickEvent()	0	static
../../Middlewares/ST/touchgfx/framework/include/touchgfx/Screen.hpp:154:18:virtual void touchgfx::Screen::handleKeyEvent(uint8_t)	0	static
F:/Project_Smarthome/TOUCHGFX_PROJECT_STM32F746/SmartHome_V2/TouchGFX/gui/src/video_screen/VideoView.cpp:13:6:virtual void VideoView::tearDownScreen()	0	static
../../TouchGFX/gui/include/gui/video_screen/VideoView.hpp:11:13:VideoView::~VideoView()	8	static
../../TouchGFX/gui/include/gui/video_screen/VideoView.hpp:11:13:virtual VideoView::~VideoView()	8	static
F:/Project_Smarthome/TOUCHGFX_PROJECT_STM32F746/SmartHome_V2/TouchGFX/gui/src/video_screen/VideoView.cpp:3:1:VideoView::VideoView()	8	static
F:/Project_Smarthome/TOUCHGFX_PROJECT_STM32F746/SmartHome_V2/TouchGFX/gui/src/video_screen/VideoView.cpp:8:6:virtual void VideoView::setupScreen()	0	static
